Created by PLY version 3.11 (http://www.dabeaz.com/ply)

Unused terminals:

    CORCHETE_DER
    CORCHETE_IZQ

Grammar

Rule 0     S' -> programa
Rule 1     programa -> PROGRAMA ID PUNTO_COMA vars funcs INICIO cuerpo FIN
Rule 2     vars -> VARS lista_vars
Rule 3     vars -> empty
Rule 4     lista_vars -> ID mas_ids DOS_PUNTOS tipo PUNTO_COMA
Rule 5     lista_vars -> lista_vars ID mas_ids DOS_PUNTOS tipo PUNTO_COMA
Rule 6     mas_ids -> COMA ID mas_ids
Rule 7     mas_ids -> empty
Rule 8     tipo -> ENTERO
Rule 9     tipo -> FLOTANTE
Rule 10    params_decl -> ID DOS_PUNTOS tipo
Rule 11    params_decl -> params_decl COMA ID DOS_PUNTOS tipo
Rule 12    params_decl -> empty
Rule 13    func_nombre -> ID
Rule 14    func_header -> ENTERO func_nombre PAREN_IZQ params_decl PAREN_DER
Rule 15    func_header -> FLOTANTE func_nombre PAREN_IZQ params_decl PAREN_DER
Rule 16    func_header -> NULA func_nombre PAREN_IZQ params_decl PAREN_DER
Rule 17    funcs -> funcs func_header LLAVE_IZQ vars cuerpo LLAVE_DER PUNTO_COMA
Rule 18    funcs -> empty
Rule 19    cuerpo -> LLAVE_IZQ lista_estatutos LLAVE_DER
Rule 20    cuerpo -> LLAVE_IZQ LLAVE_DER
Rule 21    lista_estatutos -> estatuto
Rule 22    lista_estatutos -> lista_estatutos estatuto
Rule 23    estatuto -> asigna
Rule 24    estatuto -> condicion
Rule 25    estatuto -> ciclo
Rule 26    estatuto -> imprime
Rule 27    estatuto -> llamada PUNTO_COMA
Rule 28    estatuto -> retorna
Rule 29    retorna -> REGRESA expresion PUNTO_COMA
Rule 30    asigna -> ID ASIGNA expresion PUNTO_COMA
Rule 31    imprime -> ESCRIBE PAREN_IZQ imp_lista PAREN_DER PUNTO_COMA
Rule 32    imp_lista -> expresion
Rule 33    imp_lista -> CADENA
Rule 34    imp_lista -> imp_lista COMA expresion
Rule 35    imp_lista -> imp_lista COMA CADENA
Rule 36    si_header -> SI PAREN_IZQ expresion PAREN_DER
Rule 37    condicion -> si_header cuerpo PUNTO_COMA
Rule 38    condicion -> si_header cuerpo sino_header cuerpo PUNTO_COMA
Rule 39    sino_header -> SINO
Rule 40    mientras_header -> MIENTRAS
Rule 41    mientras_cond -> mientras_header PAREN_IZQ expresion PAREN_DER
Rule 42    ciclo -> mientras_cond HAZ cuerpo PUNTO_COMA
Rule 43    llamada -> ID PAREN_IZQ args PAREN_DER
Rule 44    args -> expresion
Rule 45    args -> args COMA expresion
Rule 46    args -> empty
Rule 47    expresion -> exp
Rule 48    expresion -> exp mayor_op exp
Rule 49    expresion -> exp menor_op exp
Rule 50    expresion -> exp igual_op exp
Rule 51    expresion -> exp diferente_op exp
Rule 52    exp -> termino
Rule 53    exp -> exp suma_op termino
Rule 54    exp -> exp resta_op termino
Rule 55    termino -> factor
Rule 56    termino -> termino mult_op factor
Rule 57    termino -> termino div_op factor
Rule 58    suma_op -> SUMA
Rule 59    resta_op -> RESTA
Rule 60    mult_op -> MULT
Rule 61    div_op -> DIV
Rule 62    mayor_op -> MAYOR
Rule 63    menor_op -> MENOR
Rule 64    igual_op -> IGUAL
Rule 65    diferente_op -> DIFERENTE
Rule 66    factor -> PAREN_IZQ expresion PAREN_DER
Rule 67    factor -> SUMA cte
Rule 68    factor -> RESTA cte
Rule 69    factor -> cte
Rule 70    factor -> ID
Rule 71    cte -> CTE_ENT
Rule 72    cte -> CTE_FLOT
Rule 73    empty -> <empty>

Terminals, with rules where they appear

ASIGNA               : 30
CADENA               : 33 35
COMA                 : 6 11 34 35 45
CORCHETE_DER         : 
CORCHETE_IZQ         : 
CTE_ENT              : 71
CTE_FLOT             : 72
DIFERENTE            : 65
DIV                  : 61
DOS_PUNTOS           : 4 5 10 11
ENTERO               : 8 14
ESCRIBE              : 31
FIN                  : 1
FLOTANTE             : 9 15
HAZ                  : 42
ID                   : 1 4 5 6 10 11 13 30 43 70
IGUAL                : 64
INICIO               : 1
LLAVE_DER            : 17 19 20
LLAVE_IZQ            : 17 19 20
MAYOR                : 62
MENOR                : 63
MIENTRAS             : 40
MULT                 : 60
NULA                 : 16
PAREN_DER            : 14 15 16 31 36 41 43 66
PAREN_IZQ            : 14 15 16 31 36 41 43 66
PROGRAMA             : 1
PUNTO_COMA           : 1 4 5 17 27 29 30 31 37 38 42
REGRESA              : 29
RESTA                : 59 68
SI                   : 36
SINO                 : 39
SUMA                 : 58 67
VARS                 : 2
error                : 

Nonterminals, with rules where they appear

args                 : 43 45
asigna               : 23
ciclo                : 25
condicion            : 24
cte                  : 67 68 69
cuerpo               : 1 17 37 38 38 42
diferente_op         : 51
div_op               : 57
empty                : 3 7 12 18 46
estatuto             : 21 22
exp                  : 47 48 48 49 49 50 50 51 51 53 54
expresion            : 29 30 32 34 36 41 44 45 66
factor               : 55 56 57
func_header          : 17
func_nombre          : 14 15 16
funcs                : 1 17
igual_op             : 50
imp_lista            : 31 34 35
imprime              : 26
lista_estatutos      : 19 22
lista_vars           : 2 5
llamada              : 27
mas_ids              : 4 5 6
mayor_op             : 48
menor_op             : 49
mientras_cond        : 42
mientras_header      : 41
mult_op              : 56
params_decl          : 11 14 15 16
programa             : 0
resta_op             : 54
retorna              : 28
si_header            : 37 38
sino_header          : 38
suma_op              : 53
termino              : 52 53 54 56 57
tipo                 : 4 5 10 11
vars                 : 1 17

Parsing method: LALR

state 0

    (0) S' -> . programa
    (1) programa -> . PROGRAMA ID PUNTO_COMA vars funcs INICIO cuerpo FIN

    PROGRAMA        shift and go to state 2

    programa                       shift and go to state 1

state 1

    (0) S' -> programa .



state 2

    (1) programa -> PROGRAMA . ID PUNTO_COMA vars funcs INICIO cuerpo FIN

    ID              shift and go to state 3


state 3

    (1) programa -> PROGRAMA ID . PUNTO_COMA vars funcs INICIO cuerpo FIN

    PUNTO_COMA      shift and go to state 4


state 4

    (1) programa -> PROGRAMA ID PUNTO_COMA . vars funcs INICIO cuerpo FIN
    (2) vars -> . VARS lista_vars
    (3) vars -> . empty
    (73) empty -> .

    VARS            shift and go to state 6
    INICIO          reduce using rule 73 (empty -> .)
    ENTERO          reduce using rule 73 (empty -> .)
    FLOTANTE        reduce using rule 73 (empty -> .)
    NULA            reduce using rule 73 (empty -> .)

    vars                           shift and go to state 5
    empty                          shift and go to state 7

state 5

    (1) programa -> PROGRAMA ID PUNTO_COMA vars . funcs INICIO cuerpo FIN
    (17) funcs -> . funcs func_header LLAVE_IZQ vars cuerpo LLAVE_DER PUNTO_COMA
    (18) funcs -> . empty
    (73) empty -> .

    INICIO          reduce using rule 73 (empty -> .)
    ENTERO          reduce using rule 73 (empty -> .)
    FLOTANTE        reduce using rule 73 (empty -> .)
    NULA            reduce using rule 73 (empty -> .)

    funcs                          shift and go to state 8
    empty                          shift and go to state 9

state 6

    (2) vars -> VARS . lista_vars
    (4) lista_vars -> . ID mas_ids DOS_PUNTOS tipo PUNTO_COMA
    (5) lista_vars -> . lista_vars ID mas_ids DOS_PUNTOS tipo PUNTO_COMA

    ID              shift and go to state 11

    lista_vars                     shift and go to state 10

state 7

    (3) vars -> empty .

    INICIO          reduce using rule 3 (vars -> empty .)
    ENTERO          reduce using rule 3 (vars -> empty .)
    FLOTANTE        reduce using rule 3 (vars -> empty .)
    NULA            reduce using rule 3 (vars -> empty .)
    LLAVE_IZQ       reduce using rule 3 (vars -> empty .)


state 8

    (1) programa -> PROGRAMA ID PUNTO_COMA vars funcs . INICIO cuerpo FIN
    (17) funcs -> funcs . func_header LLAVE_IZQ vars cuerpo LLAVE_DER PUNTO_COMA
    (14) func_header -> . ENTERO func_nombre PAREN_IZQ params_decl PAREN_DER
    (15) func_header -> . FLOTANTE func_nombre PAREN_IZQ params_decl PAREN_DER
    (16) func_header -> . NULA func_nombre PAREN_IZQ params_decl PAREN_DER

    INICIO          shift and go to state 12
    ENTERO          shift and go to state 14
    FLOTANTE        shift and go to state 15
    NULA            shift and go to state 16

    func_header                    shift and go to state 13

state 9

    (18) funcs -> empty .

    INICIO          reduce using rule 18 (funcs -> empty .)
    ENTERO          reduce using rule 18 (funcs -> empty .)
    FLOTANTE        reduce using rule 18 (funcs -> empty .)
    NULA            reduce using rule 18 (funcs -> empty .)


state 10

    (2) vars -> VARS lista_vars .
    (5) lista_vars -> lista_vars . ID mas_ids DOS_PUNTOS tipo PUNTO_COMA

    INICIO          reduce using rule 2 (vars -> VARS lista_vars .)
    ENTERO          reduce using rule 2 (vars -> VARS lista_vars .)
    FLOTANTE        reduce using rule 2 (vars -> VARS lista_vars .)
    NULA            reduce using rule 2 (vars -> VARS lista_vars .)
    LLAVE_IZQ       reduce using rule 2 (vars -> VARS lista_vars .)
    ID              shift and go to state 17


state 11

    (4) lista_vars -> ID . mas_ids DOS_PUNTOS tipo PUNTO_COMA
    (6) mas_ids -> . COMA ID mas_ids
    (7) mas_ids -> . empty
    (73) empty -> .

    COMA            shift and go to state 19
    DOS_PUNTOS      reduce using rule 73 (empty -> .)

    mas_ids                        shift and go to state 18
    empty                          shift and go to state 20

state 12

    (1) programa -> PROGRAMA ID PUNTO_COMA vars funcs INICIO . cuerpo FIN
    (19) cuerpo -> . LLAVE_IZQ lista_estatutos LLAVE_DER
    (20) cuerpo -> . LLAVE_IZQ LLAVE_DER

    LLAVE_IZQ       shift and go to state 22

    cuerpo                         shift and go to state 21

state 13

    (17) funcs -> funcs func_header . LLAVE_IZQ vars cuerpo LLAVE_DER PUNTO_COMA

    LLAVE_IZQ       shift and go to state 23


state 14

    (14) func_header -> ENTERO . func_nombre PAREN_IZQ params_decl PAREN_DER
    (13) func_nombre -> . ID

    ID              shift and go to state 25

    func_nombre                    shift and go to state 24

state 15

    (15) func_header -> FLOTANTE . func_nombre PAREN_IZQ params_decl PAREN_DER
    (13) func_nombre -> . ID

    ID              shift and go to state 25

    func_nombre                    shift and go to state 26

state 16

    (16) func_header -> NULA . func_nombre PAREN_IZQ params_decl PAREN_DER
    (13) func_nombre -> . ID

    ID              shift and go to state 25

    func_nombre                    shift and go to state 27

state 17

    (5) lista_vars -> lista_vars ID . mas_ids DOS_PUNTOS tipo PUNTO_COMA
    (6) mas_ids -> . COMA ID mas_ids
    (7) mas_ids -> . empty
    (73) empty -> .

    COMA            shift and go to state 19
    DOS_PUNTOS      reduce using rule 73 (empty -> .)

    mas_ids                        shift and go to state 28
    empty                          shift and go to state 20

state 18

    (4) lista_vars -> ID mas_ids . DOS_PUNTOS tipo PUNTO_COMA

    DOS_PUNTOS      shift and go to state 29


state 19

    (6) mas_ids -> COMA . ID mas_ids

    ID              shift and go to state 30


state 20

    (7) mas_ids -> empty .

    DOS_PUNTOS      reduce using rule 7 (mas_ids -> empty .)


state 21

    (1) programa -> PROGRAMA ID PUNTO_COMA vars funcs INICIO cuerpo . FIN

    FIN             shift and go to state 31


state 22

    (19) cuerpo -> LLAVE_IZQ . lista_estatutos LLAVE_DER
    (20) cuerpo -> LLAVE_IZQ . LLAVE_DER
    (21) lista_estatutos -> . estatuto
    (22) lista_estatutos -> . lista_estatutos estatuto
    (23) estatuto -> . asigna
    (24) estatuto -> . condicion
    (25) estatuto -> . ciclo
    (26) estatuto -> . imprime
    (27) estatuto -> . llamada PUNTO_COMA
    (28) estatuto -> . retorna
    (30) asigna -> . ID ASIGNA expresion PUNTO_COMA
    (37) condicion -> . si_header cuerpo PUNTO_COMA
    (38) condicion -> . si_header cuerpo sino_header cuerpo PUNTO_COMA
    (42) ciclo -> . mientras_cond HAZ cuerpo PUNTO_COMA
    (31) imprime -> . ESCRIBE PAREN_IZQ imp_lista PAREN_DER PUNTO_COMA
    (43) llamada -> . ID PAREN_IZQ args PAREN_DER
    (29) retorna -> . REGRESA expresion PUNTO_COMA
    (36) si_header -> . SI PAREN_IZQ expresion PAREN_DER
    (41) mientras_cond -> . mientras_header PAREN_IZQ expresion PAREN_DER
    (40) mientras_header -> . MIENTRAS

    LLAVE_DER       shift and go to state 33
    ID              shift and go to state 41
    ESCRIBE         shift and go to state 44
    REGRESA         shift and go to state 45
    SI              shift and go to state 46
    MIENTRAS        shift and go to state 48

    lista_estatutos                shift and go to state 32
    estatuto                       shift and go to state 34
    asigna                         shift and go to state 35
    condicion                      shift and go to state 36
    ciclo                          shift and go to state 37
    imprime                        shift and go to state 38
    llamada                        shift and go to state 39
    retorna                        shift and go to state 40
    si_header                      shift and go to state 42
    mientras_cond                  shift and go to state 43
    mientras_header                shift and go to state 47

state 23

    (17) funcs -> funcs func_header LLAVE_IZQ . vars cuerpo LLAVE_DER PUNTO_COMA
    (2) vars -> . VARS lista_vars
    (3) vars -> . empty
    (73) empty -> .

    VARS            shift and go to state 6
    LLAVE_IZQ       reduce using rule 73 (empty -> .)

    vars                           shift and go to state 49
    empty                          shift and go to state 7

state 24

    (14) func_header -> ENTERO func_nombre . PAREN_IZQ params_decl PAREN_DER

    PAREN_IZQ       shift and go to state 50


state 25

    (13) func_nombre -> ID .

    PAREN_IZQ       reduce using rule 13 (func_nombre -> ID .)


state 26

    (15) func_header -> FLOTANTE func_nombre . PAREN_IZQ params_decl PAREN_DER

    PAREN_IZQ       shift and go to state 51


state 27

    (16) func_header -> NULA func_nombre . PAREN_IZQ params_decl PAREN_DER

    PAREN_IZQ       shift and go to state 52


state 28

    (5) lista_vars -> lista_vars ID mas_ids . DOS_PUNTOS tipo PUNTO_COMA

    DOS_PUNTOS      shift and go to state 53


state 29

    (4) lista_vars -> ID mas_ids DOS_PUNTOS . tipo PUNTO_COMA
    (8) tipo -> . ENTERO
    (9) tipo -> . FLOTANTE

    ENTERO          shift and go to state 55
    FLOTANTE        shift and go to state 56

    tipo                           shift and go to state 54

state 30

    (6) mas_ids -> COMA ID . mas_ids
    (6) mas_ids -> . COMA ID mas_ids
    (7) mas_ids -> . empty
    (73) empty -> .

    COMA            shift and go to state 19
    DOS_PUNTOS      reduce using rule 73 (empty -> .)

    mas_ids                        shift and go to state 57
    empty                          shift and go to state 20

state 31

    (1) programa -> PROGRAMA ID PUNTO_COMA vars funcs INICIO cuerpo FIN .

    $end            reduce using rule 1 (programa -> PROGRAMA ID PUNTO_COMA vars funcs INICIO cuerpo FIN .)


state 32

    (19) cuerpo -> LLAVE_IZQ lista_estatutos . LLAVE_DER
    (22) lista_estatutos -> lista_estatutos . estatuto
    (23) estatuto -> . asigna
    (24) estatuto -> . condicion
    (25) estatuto -> . ciclo
    (26) estatuto -> . imprime
    (27) estatuto -> . llamada PUNTO_COMA
    (28) estatuto -> . retorna
    (30) asigna -> . ID ASIGNA expresion PUNTO_COMA
    (37) condicion -> . si_header cuerpo PUNTO_COMA
    (38) condicion -> . si_header cuerpo sino_header cuerpo PUNTO_COMA
    (42) ciclo -> . mientras_cond HAZ cuerpo PUNTO_COMA
    (31) imprime -> . ESCRIBE PAREN_IZQ imp_lista PAREN_DER PUNTO_COMA
    (43) llamada -> . ID PAREN_IZQ args PAREN_DER
    (29) retorna -> . REGRESA expresion PUNTO_COMA
    (36) si_header -> . SI PAREN_IZQ expresion PAREN_DER
    (41) mientras_cond -> . mientras_header PAREN_IZQ expresion PAREN_DER
    (40) mientras_header -> . MIENTRAS

    LLAVE_DER       shift and go to state 58
    ID              shift and go to state 41
    ESCRIBE         shift and go to state 44
    REGRESA         shift and go to state 45
    SI              shift and go to state 46
    MIENTRAS        shift and go to state 48

    estatuto                       shift and go to state 59
    asigna                         shift and go to state 35
    condicion                      shift and go to state 36
    ciclo                          shift and go to state 37
    imprime                        shift and go to state 38
    llamada                        shift and go to state 39
    retorna                        shift and go to state 40
    si_header                      shift and go to state 42
    mientras_cond                  shift and go to state 43
    mientras_header                shift and go to state 47

state 33

    (20) cuerpo -> LLAVE_IZQ LLAVE_DER .

    FIN             reduce using rule 20 (cuerpo -> LLAVE_IZQ LLAVE_DER .)
    PUNTO_COMA      reduce using rule 20 (cuerpo -> LLAVE_IZQ LLAVE_DER .)
    SINO            reduce using rule 20 (cuerpo -> LLAVE_IZQ LLAVE_DER .)
    LLAVE_DER       reduce using rule 20 (cuerpo -> LLAVE_IZQ LLAVE_DER .)


state 34

    (21) lista_estatutos -> estatuto .

    LLAVE_DER       reduce using rule 21 (lista_estatutos -> estatuto .)
    ID              reduce using rule 21 (lista_estatutos -> estatuto .)
    ESCRIBE         reduce using rule 21 (lista_estatutos -> estatuto .)
    REGRESA         reduce using rule 21 (lista_estatutos -> estatuto .)
    SI              reduce using rule 21 (lista_estatutos -> estatuto .)
    MIENTRAS        reduce using rule 21 (lista_estatutos -> estatuto .)


state 35

    (23) estatuto -> asigna .

    LLAVE_DER       reduce using rule 23 (estatuto -> asigna .)
    ID              reduce using rule 23 (estatuto -> asigna .)
    ESCRIBE         reduce using rule 23 (estatuto -> asigna .)
    REGRESA         reduce using rule 23 (estatuto -> asigna .)
    SI              reduce using rule 23 (estatuto -> asigna .)
    MIENTRAS        reduce using rule 23 (estatuto -> asigna .)


state 36

    (24) estatuto -> condicion .

    LLAVE_DER       reduce using rule 24 (estatuto -> condicion .)
    ID              reduce using rule 24 (estatuto -> condicion .)
    ESCRIBE         reduce using rule 24 (estatuto -> condicion .)
    REGRESA         reduce using rule 24 (estatuto -> condicion .)
    SI              reduce using rule 24 (estatuto -> condicion .)
    MIENTRAS        reduce using rule 24 (estatuto -> condicion .)


state 37

    (25) estatuto -> ciclo .

    LLAVE_DER       reduce using rule 25 (estatuto -> ciclo .)
    ID              reduce using rule 25 (estatuto -> ciclo .)
    ESCRIBE         reduce using rule 25 (estatuto -> ciclo .)
    REGRESA         reduce using rule 25 (estatuto -> ciclo .)
    SI              reduce using rule 25 (estatuto -> ciclo .)
    MIENTRAS        reduce using rule 25 (estatuto -> ciclo .)


state 38

    (26) estatuto -> imprime .

    LLAVE_DER       reduce using rule 26 (estatuto -> imprime .)
    ID              reduce using rule 26 (estatuto -> imprime .)
    ESCRIBE         reduce using rule 26 (estatuto -> imprime .)
    REGRESA         reduce using rule 26 (estatuto -> imprime .)
    SI              reduce using rule 26 (estatuto -> imprime .)
    MIENTRAS        reduce using rule 26 (estatuto -> imprime .)


state 39

    (27) estatuto -> llamada . PUNTO_COMA

    PUNTO_COMA      shift and go to state 60


state 40

    (28) estatuto -> retorna .

    LLAVE_DER       reduce using rule 28 (estatuto -> retorna .)
    ID              reduce using rule 28 (estatuto -> retorna .)
    ESCRIBE         reduce using rule 28 (estatuto -> retorna .)
    REGRESA         reduce using rule 28 (estatuto -> retorna .)
    SI              reduce using rule 28 (estatuto -> retorna .)
    MIENTRAS        reduce using rule 28 (estatuto -> retorna .)


state 41

    (30) asigna -> ID . ASIGNA expresion PUNTO_COMA
    (43) llamada -> ID . PAREN_IZQ args PAREN_DER

    ASIGNA          shift and go to state 61
    PAREN_IZQ       shift and go to state 62


state 42

    (37) condicion -> si_header . cuerpo PUNTO_COMA
    (38) condicion -> si_header . cuerpo sino_header cuerpo PUNTO_COMA
    (19) cuerpo -> . LLAVE_IZQ lista_estatutos LLAVE_DER
    (20) cuerpo -> . LLAVE_IZQ LLAVE_DER

    LLAVE_IZQ       shift and go to state 22

    cuerpo                         shift and go to state 63

state 43

    (42) ciclo -> mientras_cond . HAZ cuerpo PUNTO_COMA

    HAZ             shift and go to state 64


state 44

    (31) imprime -> ESCRIBE . PAREN_IZQ imp_lista PAREN_DER PUNTO_COMA

    PAREN_IZQ       shift and go to state 65


state 45

    (29) retorna -> REGRESA . expresion PUNTO_COMA
    (47) expresion -> . exp
    (48) expresion -> . exp mayor_op exp
    (49) expresion -> . exp menor_op exp
    (50) expresion -> . exp igual_op exp
    (51) expresion -> . exp diferente_op exp
    (52) exp -> . termino
    (53) exp -> . exp suma_op termino
    (54) exp -> . exp resta_op termino
    (55) termino -> . factor
    (56) termino -> . termino mult_op factor
    (57) termino -> . termino div_op factor
    (66) factor -> . PAREN_IZQ expresion PAREN_DER
    (67) factor -> . SUMA cte
    (68) factor -> . RESTA cte
    (69) factor -> . cte
    (70) factor -> . ID
    (71) cte -> . CTE_ENT
    (72) cte -> . CTE_FLOT

    PAREN_IZQ       shift and go to state 70
    SUMA            shift and go to state 71
    RESTA           shift and go to state 73
    ID              shift and go to state 74
    CTE_ENT         shift and go to state 75
    CTE_FLOT        shift and go to state 76

    expresion                      shift and go to state 66
    exp                            shift and go to state 67
    termino                        shift and go to state 68
    factor                         shift and go to state 69
    cte                            shift and go to state 72

state 46

    (36) si_header -> SI . PAREN_IZQ expresion PAREN_DER

    PAREN_IZQ       shift and go to state 77


state 47

    (41) mientras_cond -> mientras_header . PAREN_IZQ expresion PAREN_DER

    PAREN_IZQ       shift and go to state 78


state 48

    (40) mientras_header -> MIENTRAS .

    PAREN_IZQ       reduce using rule 40 (mientras_header -> MIENTRAS .)


state 49

    (17) funcs -> funcs func_header LLAVE_IZQ vars . cuerpo LLAVE_DER PUNTO_COMA
    (19) cuerpo -> . LLAVE_IZQ lista_estatutos LLAVE_DER
    (20) cuerpo -> . LLAVE_IZQ LLAVE_DER

    LLAVE_IZQ       shift and go to state 22

    cuerpo                         shift and go to state 79

state 50

    (14) func_header -> ENTERO func_nombre PAREN_IZQ . params_decl PAREN_DER
    (10) params_decl -> . ID DOS_PUNTOS tipo
    (11) params_decl -> . params_decl COMA ID DOS_PUNTOS tipo
    (12) params_decl -> . empty
    (73) empty -> .

    ID              shift and go to state 81
    PAREN_DER       reduce using rule 73 (empty -> .)
    COMA            reduce using rule 73 (empty -> .)

    params_decl                    shift and go to state 80
    empty                          shift and go to state 82

state 51

    (15) func_header -> FLOTANTE func_nombre PAREN_IZQ . params_decl PAREN_DER
    (10) params_decl -> . ID DOS_PUNTOS tipo
    (11) params_decl -> . params_decl COMA ID DOS_PUNTOS tipo
    (12) params_decl -> . empty
    (73) empty -> .

    ID              shift and go to state 81
    PAREN_DER       reduce using rule 73 (empty -> .)
    COMA            reduce using rule 73 (empty -> .)

    params_decl                    shift and go to state 83
    empty                          shift and go to state 82

state 52

    (16) func_header -> NULA func_nombre PAREN_IZQ . params_decl PAREN_DER
    (10) params_decl -> . ID DOS_PUNTOS tipo
    (11) params_decl -> . params_decl COMA ID DOS_PUNTOS tipo
    (12) params_decl -> . empty
    (73) empty -> .

    ID              shift and go to state 81
    PAREN_DER       reduce using rule 73 (empty -> .)
    COMA            reduce using rule 73 (empty -> .)

    params_decl                    shift and go to state 84
    empty                          shift and go to state 82

state 53

    (5) lista_vars -> lista_vars ID mas_ids DOS_PUNTOS . tipo PUNTO_COMA
    (8) tipo -> . ENTERO
    (9) tipo -> . FLOTANTE

    ENTERO          shift and go to state 55
    FLOTANTE        shift and go to state 56

    tipo                           shift and go to state 85

state 54

    (4) lista_vars -> ID mas_ids DOS_PUNTOS tipo . PUNTO_COMA

    PUNTO_COMA      shift and go to state 86


state 55

    (8) tipo -> ENTERO .

    PUNTO_COMA      reduce using rule 8 (tipo -> ENTERO .)
    PAREN_DER       reduce using rule 8 (tipo -> ENTERO .)
    COMA            reduce using rule 8 (tipo -> ENTERO .)


state 56

    (9) tipo -> FLOTANTE .

    PUNTO_COMA      reduce using rule 9 (tipo -> FLOTANTE .)
    PAREN_DER       reduce using rule 9 (tipo -> FLOTANTE .)
    COMA            reduce using rule 9 (tipo -> FLOTANTE .)


state 57

    (6) mas_ids -> COMA ID mas_ids .

    DOS_PUNTOS      reduce using rule 6 (mas_ids -> COMA ID mas_ids .)


state 58

    (19) cuerpo -> LLAVE_IZQ lista_estatutos LLAVE_DER .

    FIN             reduce using rule 19 (cuerpo -> LLAVE_IZQ lista_estatutos LLAVE_DER .)
    PUNTO_COMA      reduce using rule 19 (cuerpo -> LLAVE_IZQ lista_estatutos LLAVE_DER .)
    SINO            reduce using rule 19 (cuerpo -> LLAVE_IZQ lista_estatutos LLAVE_DER .)
    LLAVE_DER       reduce using rule 19 (cuerpo -> LLAVE_IZQ lista_estatutos LLAVE_DER .)


state 59

    (22) lista_estatutos -> lista_estatutos estatuto .

    LLAVE_DER       reduce using rule 22 (lista_estatutos -> lista_estatutos estatuto .)
    ID              reduce using rule 22 (lista_estatutos -> lista_estatutos estatuto .)
    ESCRIBE         reduce using rule 22 (lista_estatutos -> lista_estatutos estatuto .)
    REGRESA         reduce using rule 22 (lista_estatutos -> lista_estatutos estatuto .)
    SI              reduce using rule 22 (lista_estatutos -> lista_estatutos estatuto .)
    MIENTRAS        reduce using rule 22 (lista_estatutos -> lista_estatutos estatuto .)


state 60

    (27) estatuto -> llamada PUNTO_COMA .

    LLAVE_DER       reduce using rule 27 (estatuto -> llamada PUNTO_COMA .)
    ID              reduce using rule 27 (estatuto -> llamada PUNTO_COMA .)
    ESCRIBE         reduce using rule 27 (estatuto -> llamada PUNTO_COMA .)
    REGRESA         reduce using rule 27 (estatuto -> llamada PUNTO_COMA .)
    SI              reduce using rule 27 (estatuto -> llamada PUNTO_COMA .)
    MIENTRAS        reduce using rule 27 (estatuto -> llamada PUNTO_COMA .)


state 61

    (30) asigna -> ID ASIGNA . expresion PUNTO_COMA
    (47) expresion -> . exp
    (48) expresion -> . exp mayor_op exp
    (49) expresion -> . exp menor_op exp
    (50) expresion -> . exp igual_op exp
    (51) expresion -> . exp diferente_op exp
    (52) exp -> . termino
    (53) exp -> . exp suma_op termino
    (54) exp -> . exp resta_op termino
    (55) termino -> . factor
    (56) termino -> . termino mult_op factor
    (57) termino -> . termino div_op factor
    (66) factor -> . PAREN_IZQ expresion PAREN_DER
    (67) factor -> . SUMA cte
    (68) factor -> . RESTA cte
    (69) factor -> . cte
    (70) factor -> . ID
    (71) cte -> . CTE_ENT
    (72) cte -> . CTE_FLOT

    PAREN_IZQ       shift and go to state 70
    SUMA            shift and go to state 71
    RESTA           shift and go to state 73
    ID              shift and go to state 74
    CTE_ENT         shift and go to state 75
    CTE_FLOT        shift and go to state 76

    expresion                      shift and go to state 87
    exp                            shift and go to state 67
    termino                        shift and go to state 68
    factor                         shift and go to state 69
    cte                            shift and go to state 72

state 62

    (43) llamada -> ID PAREN_IZQ . args PAREN_DER
    (44) args -> . expresion
    (45) args -> . args COMA expresion
    (46) args -> . empty
    (47) expresion -> . exp
    (48) expresion -> . exp mayor_op exp
    (49) expresion -> . exp menor_op exp
    (50) expresion -> . exp igual_op exp
    (51) expresion -> . exp diferente_op exp
    (73) empty -> .
    (52) exp -> . termino
    (53) exp -> . exp suma_op termino
    (54) exp -> . exp resta_op termino
    (55) termino -> . factor
    (56) termino -> . termino mult_op factor
    (57) termino -> . termino div_op factor
    (66) factor -> . PAREN_IZQ expresion PAREN_DER
    (67) factor -> . SUMA cte
    (68) factor -> . RESTA cte
    (69) factor -> . cte
    (70) factor -> . ID
    (71) cte -> . CTE_ENT
    (72) cte -> . CTE_FLOT

    PAREN_DER       reduce using rule 73 (empty -> .)
    COMA            reduce using rule 73 (empty -> .)
    PAREN_IZQ       shift and go to state 70
    SUMA            shift and go to state 71
    RESTA           shift and go to state 73
    ID              shift and go to state 74
    CTE_ENT         shift and go to state 75
    CTE_FLOT        shift and go to state 76

    args                           shift and go to state 88
    expresion                      shift and go to state 89
    empty                          shift and go to state 90
    exp                            shift and go to state 67
    termino                        shift and go to state 68
    factor                         shift and go to state 69
    cte                            shift and go to state 72

state 63

    (37) condicion -> si_header cuerpo . PUNTO_COMA
    (38) condicion -> si_header cuerpo . sino_header cuerpo PUNTO_COMA
    (39) sino_header -> . SINO

    PUNTO_COMA      shift and go to state 91
    SINO            shift and go to state 93

    sino_header                    shift and go to state 92

state 64

    (42) ciclo -> mientras_cond HAZ . cuerpo PUNTO_COMA
    (19) cuerpo -> . LLAVE_IZQ lista_estatutos LLAVE_DER
    (20) cuerpo -> . LLAVE_IZQ LLAVE_DER

    LLAVE_IZQ       shift and go to state 22

    cuerpo                         shift and go to state 94

state 65

    (31) imprime -> ESCRIBE PAREN_IZQ . imp_lista PAREN_DER PUNTO_COMA
    (32) imp_lista -> . expresion
    (33) imp_lista -> . CADENA
    (34) imp_lista -> . imp_lista COMA expresion
    (35) imp_lista -> . imp_lista COMA CADENA
    (47) expresion -> . exp
    (48) expresion -> . exp mayor_op exp
    (49) expresion -> . exp menor_op exp
    (50) expresion -> . exp igual_op exp
    (51) expresion -> . exp diferente_op exp
    (52) exp -> . termino
    (53) exp -> . exp suma_op termino
    (54) exp -> . exp resta_op termino
    (55) termino -> . factor
    (56) termino -> . termino mult_op factor
    (57) termino -> . termino div_op factor
    (66) factor -> . PAREN_IZQ expresion PAREN_DER
    (67) factor -> . SUMA cte
    (68) factor -> . RESTA cte
    (69) factor -> . cte
    (70) factor -> . ID
    (71) cte -> . CTE_ENT
    (72) cte -> . CTE_FLOT

    CADENA          shift and go to state 97
    PAREN_IZQ       shift and go to state 70
    SUMA            shift and go to state 71
    RESTA           shift and go to state 73
    ID              shift and go to state 74
    CTE_ENT         shift and go to state 75
    CTE_FLOT        shift and go to state 76

    imp_lista                      shift and go to state 95
    expresion                      shift and go to state 96
    exp                            shift and go to state 67
    termino                        shift and go to state 68
    factor                         shift and go to state 69
    cte                            shift and go to state 72

state 66

    (29) retorna -> REGRESA expresion . PUNTO_COMA

    PUNTO_COMA      shift and go to state 98


state 67

    (47) expresion -> exp .
    (48) expresion -> exp . mayor_op exp
    (49) expresion -> exp . menor_op exp
    (50) expresion -> exp . igual_op exp
    (51) expresion -> exp . diferente_op exp
    (53) exp -> exp . suma_op termino
    (54) exp -> exp . resta_op termino
    (62) mayor_op -> . MAYOR
    (63) menor_op -> . MENOR
    (64) igual_op -> . IGUAL
    (65) diferente_op -> . DIFERENTE
    (58) suma_op -> . SUMA
    (59) resta_op -> . RESTA

    PUNTO_COMA      reduce using rule 47 (expresion -> exp .)
    PAREN_DER       reduce using rule 47 (expresion -> exp .)
    COMA            reduce using rule 47 (expresion -> exp .)
    MAYOR           shift and go to state 105
    MENOR           shift and go to state 106
    IGUAL           shift and go to state 107
    DIFERENTE       shift and go to state 108
    SUMA            shift and go to state 109
    RESTA           shift and go to state 110

    mayor_op                       shift and go to state 99
    menor_op                       shift and go to state 100
    igual_op                       shift and go to state 101
    diferente_op                   shift and go to state 102
    suma_op                        shift and go to state 103
    resta_op                       shift and go to state 104

state 68

    (52) exp -> termino .
    (56) termino -> termino . mult_op factor
    (57) termino -> termino . div_op factor
    (60) mult_op -> . MULT
    (61) div_op -> . DIV

    MAYOR           reduce using rule 52 (exp -> termino .)
    MENOR           reduce using rule 52 (exp -> termino .)
    IGUAL           reduce using rule 52 (exp -> termino .)
    DIFERENTE       reduce using rule 52 (exp -> termino .)
    SUMA            reduce using rule 52 (exp -> termino .)
    RESTA           reduce using rule 52 (exp -> termino .)
    PUNTO_COMA      reduce using rule 52 (exp -> termino .)
    PAREN_DER       reduce using rule 52 (exp -> termino .)
    COMA            reduce using rule 52 (exp -> termino .)
    MULT            shift and go to state 113
    DIV             shift and go to state 114

    mult_op                        shift and go to state 111
    div_op                         shift and go to state 112

state 69

    (55) termino -> factor .

    MULT            reduce using rule 55 (termino -> factor .)
    DIV             reduce using rule 55 (termino -> factor .)
    MAYOR           reduce using rule 55 (termino -> factor .)
    MENOR           reduce using rule 55 (termino -> factor .)
    IGUAL           reduce using rule 55 (termino -> factor .)
    DIFERENTE       reduce using rule 55 (termino -> factor .)
    SUMA            reduce using rule 55 (termino -> factor .)
    RESTA           reduce using rule 55 (termino -> factor .)
    PUNTO_COMA      reduce using rule 55 (termino -> factor .)
    PAREN_DER       reduce using rule 55 (termino -> factor .)
    COMA            reduce using rule 55 (termino -> factor .)


state 70

    (66) factor -> PAREN_IZQ . expresion PAREN_DER
    (47) expresion -> . exp
    (48) expresion -> . exp mayor_op exp
    (49) expresion -> . exp menor_op exp
    (50) expresion -> . exp igual_op exp
    (51) expresion -> . exp diferente_op exp
    (52) exp -> . termino
    (53) exp -> . exp suma_op termino
    (54) exp -> . exp resta_op termino
    (55) termino -> . factor
    (56) termino -> . termino mult_op factor
    (57) termino -> . termino div_op factor
    (66) factor -> . PAREN_IZQ expresion PAREN_DER
    (67) factor -> . SUMA cte
    (68) factor -> . RESTA cte
    (69) factor -> . cte
    (70) factor -> . ID
    (71) cte -> . CTE_ENT
    (72) cte -> . CTE_FLOT

    PAREN_IZQ       shift and go to state 70
    SUMA            shift and go to state 71
    RESTA           shift and go to state 73
    ID              shift and go to state 74
    CTE_ENT         shift and go to state 75
    CTE_FLOT        shift and go to state 76

    expresion                      shift and go to state 115
    exp                            shift and go to state 67
    termino                        shift and go to state 68
    factor                         shift and go to state 69
    cte                            shift and go to state 72

state 71

    (67) factor -> SUMA . cte
    (71) cte -> . CTE_ENT
    (72) cte -> . CTE_FLOT

    CTE_ENT         shift and go to state 75
    CTE_FLOT        shift and go to state 76

    cte                            shift and go to state 116

state 72

    (69) factor -> cte .

    MULT            reduce using rule 69 (factor -> cte .)
    DIV             reduce using rule 69 (factor -> cte .)
    MAYOR           reduce using rule 69 (factor -> cte .)
    MENOR           reduce using rule 69 (factor -> cte .)
    IGUAL           reduce using rule 69 (factor -> cte .)
    DIFERENTE       reduce using rule 69 (factor -> cte .)
    SUMA            reduce using rule 69 (factor -> cte .)
    RESTA           reduce using rule 69 (factor -> cte .)
    PUNTO_COMA      reduce using rule 69 (factor -> cte .)
    PAREN_DER       reduce using rule 69 (factor -> cte .)
    COMA            reduce using rule 69 (factor -> cte .)


state 73

    (68) factor -> RESTA . cte
    (71) cte -> . CTE_ENT
    (72) cte -> . CTE_FLOT

    CTE_ENT         shift and go to state 75
    CTE_FLOT        shift and go to state 76

    cte                            shift and go to state 117

state 74

    (70) factor -> ID .

    MULT            reduce using rule 70 (factor -> ID .)
    DIV             reduce using rule 70 (factor -> ID .)
    MAYOR           reduce using rule 70 (factor -> ID .)
    MENOR           reduce using rule 70 (factor -> ID .)
    IGUAL           reduce using rule 70 (factor -> ID .)
    DIFERENTE       reduce using rule 70 (factor -> ID .)
    SUMA            reduce using rule 70 (factor -> ID .)
    RESTA           reduce using rule 70 (factor -> ID .)
    PUNTO_COMA      reduce using rule 70 (factor -> ID .)
    PAREN_DER       reduce using rule 70 (factor -> ID .)
    COMA            reduce using rule 70 (factor -> ID .)


state 75

    (71) cte -> CTE_ENT .

    MULT            reduce using rule 71 (cte -> CTE_ENT .)
    DIV             reduce using rule 71 (cte -> CTE_ENT .)
    MAYOR           reduce using rule 71 (cte -> CTE_ENT .)
    MENOR           reduce using rule 71 (cte -> CTE_ENT .)
    IGUAL           reduce using rule 71 (cte -> CTE_ENT .)
    DIFERENTE       reduce using rule 71 (cte -> CTE_ENT .)
    SUMA            reduce using rule 71 (cte -> CTE_ENT .)
    RESTA           reduce using rule 71 (cte -> CTE_ENT .)
    PUNTO_COMA      reduce using rule 71 (cte -> CTE_ENT .)
    PAREN_DER       reduce using rule 71 (cte -> CTE_ENT .)
    COMA            reduce using rule 71 (cte -> CTE_ENT .)


state 76

    (72) cte -> CTE_FLOT .

    MULT            reduce using rule 72 (cte -> CTE_FLOT .)
    DIV             reduce using rule 72 (cte -> CTE_FLOT .)
    MAYOR           reduce using rule 72 (cte -> CTE_FLOT .)
    MENOR           reduce using rule 72 (cte -> CTE_FLOT .)
    IGUAL           reduce using rule 72 (cte -> CTE_FLOT .)
    DIFERENTE       reduce using rule 72 (cte -> CTE_FLOT .)
    SUMA            reduce using rule 72 (cte -> CTE_FLOT .)
    RESTA           reduce using rule 72 (cte -> CTE_FLOT .)
    PUNTO_COMA      reduce using rule 72 (cte -> CTE_FLOT .)
    PAREN_DER       reduce using rule 72 (cte -> CTE_FLOT .)
    COMA            reduce using rule 72 (cte -> CTE_FLOT .)


state 77

    (36) si_header -> SI PAREN_IZQ . expresion PAREN_DER
    (47) expresion -> . exp
    (48) expresion -> . exp mayor_op exp
    (49) expresion -> . exp menor_op exp
    (50) expresion -> . exp igual_op exp
    (51) expresion -> . exp diferente_op exp
    (52) exp -> . termino
    (53) exp -> . exp suma_op termino
    (54) exp -> . exp resta_op termino
    (55) termino -> . factor
    (56) termino -> . termino mult_op factor
    (57) termino -> . termino div_op factor
    (66) factor -> . PAREN_IZQ expresion PAREN_DER
    (67) factor -> . SUMA cte
    (68) factor -> . RESTA cte
    (69) factor -> . cte
    (70) factor -> . ID
    (71) cte -> . CTE_ENT
    (72) cte -> . CTE_FLOT

    PAREN_IZQ       shift and go to state 70
    SUMA            shift and go to state 71
    RESTA           shift and go to state 73
    ID              shift and go to state 74
    CTE_ENT         shift and go to state 75
    CTE_FLOT        shift and go to state 76

    expresion                      shift and go to state 118
    exp                            shift and go to state 67
    termino                        shift and go to state 68
    factor                         shift and go to state 69
    cte                            shift and go to state 72

state 78

    (41) mientras_cond -> mientras_header PAREN_IZQ . expresion PAREN_DER
    (47) expresion -> . exp
    (48) expresion -> . exp mayor_op exp
    (49) expresion -> . exp menor_op exp
    (50) expresion -> . exp igual_op exp
    (51) expresion -> . exp diferente_op exp
    (52) exp -> . termino
    (53) exp -> . exp suma_op termino
    (54) exp -> . exp resta_op termino
    (55) termino -> . factor
    (56) termino -> . termino mult_op factor
    (57) termino -> . termino div_op factor
    (66) factor -> . PAREN_IZQ expresion PAREN_DER
    (67) factor -> . SUMA cte
    (68) factor -> . RESTA cte
    (69) factor -> . cte
    (70) factor -> . ID
    (71) cte -> . CTE_ENT
    (72) cte -> . CTE_FLOT

    PAREN_IZQ       shift and go to state 70
    SUMA            shift and go to state 71
    RESTA           shift and go to state 73
    ID              shift and go to state 74
    CTE_ENT         shift and go to state 75
    CTE_FLOT        shift and go to state 76

    expresion                      shift and go to state 119
    exp                            shift and go to state 67
    termino                        shift and go to state 68
    factor                         shift and go to state 69
    cte                            shift and go to state 72

state 79

    (17) funcs -> funcs func_header LLAVE_IZQ vars cuerpo . LLAVE_DER PUNTO_COMA

    LLAVE_DER       shift and go to state 120


state 80

    (14) func_header -> ENTERO func_nombre PAREN_IZQ params_decl . PAREN_DER
    (11) params_decl -> params_decl . COMA ID DOS_PUNTOS tipo

    PAREN_DER       shift and go to state 121
    COMA            shift and go to state 122


state 81

    (10) params_decl -> ID . DOS_PUNTOS tipo

    DOS_PUNTOS      shift and go to state 123


state 82

    (12) params_decl -> empty .

    PAREN_DER       reduce using rule 12 (params_decl -> empty .)
    COMA            reduce using rule 12 (params_decl -> empty .)


state 83

    (15) func_header -> FLOTANTE func_nombre PAREN_IZQ params_decl . PAREN_DER
    (11) params_decl -> params_decl . COMA ID DOS_PUNTOS tipo

    PAREN_DER       shift and go to state 124
    COMA            shift and go to state 122


state 84

    (16) func_header -> NULA func_nombre PAREN_IZQ params_decl . PAREN_DER
    (11) params_decl -> params_decl . COMA ID DOS_PUNTOS tipo

    PAREN_DER       shift and go to state 125
    COMA            shift and go to state 122


state 85

    (5) lista_vars -> lista_vars ID mas_ids DOS_PUNTOS tipo . PUNTO_COMA

    PUNTO_COMA      shift and go to state 126


state 86

    (4) lista_vars -> ID mas_ids DOS_PUNTOS tipo PUNTO_COMA .

    ID              reduce using rule 4 (lista_vars -> ID mas_ids DOS_PUNTOS tipo PUNTO_COMA .)
    INICIO          reduce using rule 4 (lista_vars -> ID mas_ids DOS_PUNTOS tipo PUNTO_COMA .)
    ENTERO          reduce using rule 4 (lista_vars -> ID mas_ids DOS_PUNTOS tipo PUNTO_COMA .)
    FLOTANTE        reduce using rule 4 (lista_vars -> ID mas_ids DOS_PUNTOS tipo PUNTO_COMA .)
    NULA            reduce using rule 4 (lista_vars -> ID mas_ids DOS_PUNTOS tipo PUNTO_COMA .)
    LLAVE_IZQ       reduce using rule 4 (lista_vars -> ID mas_ids DOS_PUNTOS tipo PUNTO_COMA .)


state 87

    (30) asigna -> ID ASIGNA expresion . PUNTO_COMA

    PUNTO_COMA      shift and go to state 127


state 88

    (43) llamada -> ID PAREN_IZQ args . PAREN_DER
    (45) args -> args . COMA expresion

    PAREN_DER       shift and go to state 128
    COMA            shift and go to state 129


state 89

    (44) args -> expresion .

    PAREN_DER       reduce using rule 44 (args -> expresion .)
    COMA            reduce using rule 44 (args -> expresion .)


state 90

    (46) args -> empty .

    PAREN_DER       reduce using rule 46 (args -> empty .)
    COMA            reduce using rule 46 (args -> empty .)


state 91

    (37) condicion -> si_header cuerpo PUNTO_COMA .

    LLAVE_DER       reduce using rule 37 (condicion -> si_header cuerpo PUNTO_COMA .)
    ID              reduce using rule 37 (condicion -> si_header cuerpo PUNTO_COMA .)
    ESCRIBE         reduce using rule 37 (condicion -> si_header cuerpo PUNTO_COMA .)
    REGRESA         reduce using rule 37 (condicion -> si_header cuerpo PUNTO_COMA .)
    SI              reduce using rule 37 (condicion -> si_header cuerpo PUNTO_COMA .)
    MIENTRAS        reduce using rule 37 (condicion -> si_header cuerpo PUNTO_COMA .)


state 92

    (38) condicion -> si_header cuerpo sino_header . cuerpo PUNTO_COMA
    (19) cuerpo -> . LLAVE_IZQ lista_estatutos LLAVE_DER
    (20) cuerpo -> . LLAVE_IZQ LLAVE_DER

    LLAVE_IZQ       shift and go to state 22

    cuerpo                         shift and go to state 130

state 93

    (39) sino_header -> SINO .

    LLAVE_IZQ       reduce using rule 39 (sino_header -> SINO .)


state 94

    (42) ciclo -> mientras_cond HAZ cuerpo . PUNTO_COMA

    PUNTO_COMA      shift and go to state 131


state 95

    (31) imprime -> ESCRIBE PAREN_IZQ imp_lista . PAREN_DER PUNTO_COMA
    (34) imp_lista -> imp_lista . COMA expresion
    (35) imp_lista -> imp_lista . COMA CADENA

    PAREN_DER       shift and go to state 132
    COMA            shift and go to state 133


state 96

    (32) imp_lista -> expresion .

    PAREN_DER       reduce using rule 32 (imp_lista -> expresion .)
    COMA            reduce using rule 32 (imp_lista -> expresion .)


state 97

    (33) imp_lista -> CADENA .

    PAREN_DER       reduce using rule 33 (imp_lista -> CADENA .)
    COMA            reduce using rule 33 (imp_lista -> CADENA .)


state 98

    (29) retorna -> REGRESA expresion PUNTO_COMA .

    LLAVE_DER       reduce using rule 29 (retorna -> REGRESA expresion PUNTO_COMA .)
    ID              reduce using rule 29 (retorna -> REGRESA expresion PUNTO_COMA .)
    ESCRIBE         reduce using rule 29 (retorna -> REGRESA expresion PUNTO_COMA .)
    REGRESA         reduce using rule 29 (retorna -> REGRESA expresion PUNTO_COMA .)
    SI              reduce using rule 29 (retorna -> REGRESA expresion PUNTO_COMA .)
    MIENTRAS        reduce using rule 29 (retorna -> REGRESA expresion PUNTO_COMA .)


state 99

    (48) expresion -> exp mayor_op . exp
    (52) exp -> . termino
    (53) exp -> . exp suma_op termino
    (54) exp -> . exp resta_op termino
    (55) termino -> . factor
    (56) termino -> . termino mult_op factor
    (57) termino -> . termino div_op factor
    (66) factor -> . PAREN_IZQ expresion PAREN_DER
    (67) factor -> . SUMA cte
    (68) factor -> . RESTA cte
    (69) factor -> . cte
    (70) factor -> . ID
    (71) cte -> . CTE_ENT
    (72) cte -> . CTE_FLOT

    PAREN_IZQ       shift and go to state 70
    SUMA            shift and go to state 71
    RESTA           shift and go to state 73
    ID              shift and go to state 74
    CTE_ENT         shift and go to state 75
    CTE_FLOT        shift and go to state 76

    exp                            shift and go to state 134
    termino                        shift and go to state 68
    factor                         shift and go to state 69
    cte                            shift and go to state 72

state 100

    (49) expresion -> exp menor_op . exp
    (52) exp -> . termino
    (53) exp -> . exp suma_op termino
    (54) exp -> . exp resta_op termino
    (55) termino -> . factor
    (56) termino -> . termino mult_op factor
    (57) termino -> . termino div_op factor
    (66) factor -> . PAREN_IZQ expresion PAREN_DER
    (67) factor -> . SUMA cte
    (68) factor -> . RESTA cte
    (69) factor -> . cte
    (70) factor -> . ID
    (71) cte -> . CTE_ENT
    (72) cte -> . CTE_FLOT

    PAREN_IZQ       shift and go to state 70
    SUMA            shift and go to state 71
    RESTA           shift and go to state 73
    ID              shift and go to state 74
    CTE_ENT         shift and go to state 75
    CTE_FLOT        shift and go to state 76

    exp                            shift and go to state 135
    termino                        shift and go to state 68
    factor                         shift and go to state 69
    cte                            shift and go to state 72

state 101

    (50) expresion -> exp igual_op . exp
    (52) exp -> . termino
    (53) exp -> . exp suma_op termino
    (54) exp -> . exp resta_op termino
    (55) termino -> . factor
    (56) termino -> . termino mult_op factor
    (57) termino -> . termino div_op factor
    (66) factor -> . PAREN_IZQ expresion PAREN_DER
    (67) factor -> . SUMA cte
    (68) factor -> . RESTA cte
    (69) factor -> . cte
    (70) factor -> . ID
    (71) cte -> . CTE_ENT
    (72) cte -> . CTE_FLOT

    PAREN_IZQ       shift and go to state 70
    SUMA            shift and go to state 71
    RESTA           shift and go to state 73
    ID              shift and go to state 74
    CTE_ENT         shift and go to state 75
    CTE_FLOT        shift and go to state 76

    exp                            shift and go to state 136
    termino                        shift and go to state 68
    factor                         shift and go to state 69
    cte                            shift and go to state 72

state 102

    (51) expresion -> exp diferente_op . exp
    (52) exp -> . termino
    (53) exp -> . exp suma_op termino
    (54) exp -> . exp resta_op termino
    (55) termino -> . factor
    (56) termino -> . termino mult_op factor
    (57) termino -> . termino div_op factor
    (66) factor -> . PAREN_IZQ expresion PAREN_DER
    (67) factor -> . SUMA cte
    (68) factor -> . RESTA cte
    (69) factor -> . cte
    (70) factor -> . ID
    (71) cte -> . CTE_ENT
    (72) cte -> . CTE_FLOT

    PAREN_IZQ       shift and go to state 70
    SUMA            shift and go to state 71
    RESTA           shift and go to state 73
    ID              shift and go to state 74
    CTE_ENT         shift and go to state 75
    CTE_FLOT        shift and go to state 76

    exp                            shift and go to state 137
    termino                        shift and go to state 68
    factor                         shift and go to state 69
    cte                            shift and go to state 72

state 103

    (53) exp -> exp suma_op . termino
    (55) termino -> . factor
    (56) termino -> . termino mult_op factor
    (57) termino -> . termino div_op factor
    (66) factor -> . PAREN_IZQ expresion PAREN_DER
    (67) factor -> . SUMA cte
    (68) factor -> . RESTA cte
    (69) factor -> . cte
    (70) factor -> . ID
    (71) cte -> . CTE_ENT
    (72) cte -> . CTE_FLOT

    PAREN_IZQ       shift and go to state 70
    SUMA            shift and go to state 71
    RESTA           shift and go to state 73
    ID              shift and go to state 74
    CTE_ENT         shift and go to state 75
    CTE_FLOT        shift and go to state 76

    termino                        shift and go to state 138
    factor                         shift and go to state 69
    cte                            shift and go to state 72

state 104

    (54) exp -> exp resta_op . termino
    (55) termino -> . factor
    (56) termino -> . termino mult_op factor
    (57) termino -> . termino div_op factor
    (66) factor -> . PAREN_IZQ expresion PAREN_DER
    (67) factor -> . SUMA cte
    (68) factor -> . RESTA cte
    (69) factor -> . cte
    (70) factor -> . ID
    (71) cte -> . CTE_ENT
    (72) cte -> . CTE_FLOT

    PAREN_IZQ       shift and go to state 70
    SUMA            shift and go to state 71
    RESTA           shift and go to state 73
    ID              shift and go to state 74
    CTE_ENT         shift and go to state 75
    CTE_FLOT        shift and go to state 76

    termino                        shift and go to state 139
    factor                         shift and go to state 69
    cte                            shift and go to state 72

state 105

    (62) mayor_op -> MAYOR .

    PAREN_IZQ       reduce using rule 62 (mayor_op -> MAYOR .)
    SUMA            reduce using rule 62 (mayor_op -> MAYOR .)
    RESTA           reduce using rule 62 (mayor_op -> MAYOR .)
    ID              reduce using rule 62 (mayor_op -> MAYOR .)
    CTE_ENT         reduce using rule 62 (mayor_op -> MAYOR .)
    CTE_FLOT        reduce using rule 62 (mayor_op -> MAYOR .)


state 106

    (63) menor_op -> MENOR .

    PAREN_IZQ       reduce using rule 63 (menor_op -> MENOR .)
    SUMA            reduce using rule 63 (menor_op -> MENOR .)
    RESTA           reduce using rule 63 (menor_op -> MENOR .)
    ID              reduce using rule 63 (menor_op -> MENOR .)
    CTE_ENT         reduce using rule 63 (menor_op -> MENOR .)
    CTE_FLOT        reduce using rule 63 (menor_op -> MENOR .)


state 107

    (64) igual_op -> IGUAL .

    PAREN_IZQ       reduce using rule 64 (igual_op -> IGUAL .)
    SUMA            reduce using rule 64 (igual_op -> IGUAL .)
    RESTA           reduce using rule 64 (igual_op -> IGUAL .)
    ID              reduce using rule 64 (igual_op -> IGUAL .)
    CTE_ENT         reduce using rule 64 (igual_op -> IGUAL .)
    CTE_FLOT        reduce using rule 64 (igual_op -> IGUAL .)


state 108

    (65) diferente_op -> DIFERENTE .

    PAREN_IZQ       reduce using rule 65 (diferente_op -> DIFERENTE .)
    SUMA            reduce using rule 65 (diferente_op -> DIFERENTE .)
    RESTA           reduce using rule 65 (diferente_op -> DIFERENTE .)
    ID              reduce using rule 65 (diferente_op -> DIFERENTE .)
    CTE_ENT         reduce using rule 65 (diferente_op -> DIFERENTE .)
    CTE_FLOT        reduce using rule 65 (diferente_op -> DIFERENTE .)


state 109

    (58) suma_op -> SUMA .

    PAREN_IZQ       reduce using rule 58 (suma_op -> SUMA .)
    SUMA            reduce using rule 58 (suma_op -> SUMA .)
    RESTA           reduce using rule 58 (suma_op -> SUMA .)
    ID              reduce using rule 58 (suma_op -> SUMA .)
    CTE_ENT         reduce using rule 58 (suma_op -> SUMA .)
    CTE_FLOT        reduce using rule 58 (suma_op -> SUMA .)


state 110

    (59) resta_op -> RESTA .

    PAREN_IZQ       reduce using rule 59 (resta_op -> RESTA .)
    SUMA            reduce using rule 59 (resta_op -> RESTA .)
    RESTA           reduce using rule 59 (resta_op -> RESTA .)
    ID              reduce using rule 59 (resta_op -> RESTA .)
    CTE_ENT         reduce using rule 59 (resta_op -> RESTA .)
    CTE_FLOT        reduce using rule 59 (resta_op -> RESTA .)


state 111

    (56) termino -> termino mult_op . factor
    (66) factor -> . PAREN_IZQ expresion PAREN_DER
    (67) factor -> . SUMA cte
    (68) factor -> . RESTA cte
    (69) factor -> . cte
    (70) factor -> . ID
    (71) cte -> . CTE_ENT
    (72) cte -> . CTE_FLOT

    PAREN_IZQ       shift and go to state 70
    SUMA            shift and go to state 71
    RESTA           shift and go to state 73
    ID              shift and go to state 74
    CTE_ENT         shift and go to state 75
    CTE_FLOT        shift and go to state 76

    factor                         shift and go to state 140
    cte                            shift and go to state 72

state 112

    (57) termino -> termino div_op . factor
    (66) factor -> . PAREN_IZQ expresion PAREN_DER
    (67) factor -> . SUMA cte
    (68) factor -> . RESTA cte
    (69) factor -> . cte
    (70) factor -> . ID
    (71) cte -> . CTE_ENT
    (72) cte -> . CTE_FLOT

    PAREN_IZQ       shift and go to state 70
    SUMA            shift and go to state 71
    RESTA           shift and go to state 73
    ID              shift and go to state 74
    CTE_ENT         shift and go to state 75
    CTE_FLOT        shift and go to state 76

    factor                         shift and go to state 141
    cte                            shift and go to state 72

state 113

    (60) mult_op -> MULT .

    PAREN_IZQ       reduce using rule 60 (mult_op -> MULT .)
    SUMA            reduce using rule 60 (mult_op -> MULT .)
    RESTA           reduce using rule 60 (mult_op -> MULT .)
    ID              reduce using rule 60 (mult_op -> MULT .)
    CTE_ENT         reduce using rule 60 (mult_op -> MULT .)
    CTE_FLOT        reduce using rule 60 (mult_op -> MULT .)


state 114

    (61) div_op -> DIV .

    PAREN_IZQ       reduce using rule 61 (div_op -> DIV .)
    SUMA            reduce using rule 61 (div_op -> DIV .)
    RESTA           reduce using rule 61 (div_op -> DIV .)
    ID              reduce using rule 61 (div_op -> DIV .)
    CTE_ENT         reduce using rule 61 (div_op -> DIV .)
    CTE_FLOT        reduce using rule 61 (div_op -> DIV .)


state 115

    (66) factor -> PAREN_IZQ expresion . PAREN_DER

    PAREN_DER       shift and go to state 142


state 116

    (67) factor -> SUMA cte .

    MULT            reduce using rule 67 (factor -> SUMA cte .)
    DIV             reduce using rule 67 (factor -> SUMA cte .)
    MAYOR           reduce using rule 67 (factor -> SUMA cte .)
    MENOR           reduce using rule 67 (factor -> SUMA cte .)
    IGUAL           reduce using rule 67 (factor -> SUMA cte .)
    DIFERENTE       reduce using rule 67 (factor -> SUMA cte .)
    SUMA            reduce using rule 67 (factor -> SUMA cte .)
    RESTA           reduce using rule 67 (factor -> SUMA cte .)
    PUNTO_COMA      reduce using rule 67 (factor -> SUMA cte .)
    PAREN_DER       reduce using rule 67 (factor -> SUMA cte .)
    COMA            reduce using rule 67 (factor -> SUMA cte .)


state 117

    (68) factor -> RESTA cte .

    MULT            reduce using rule 68 (factor -> RESTA cte .)
    DIV             reduce using rule 68 (factor -> RESTA cte .)
    MAYOR           reduce using rule 68 (factor -> RESTA cte .)
    MENOR           reduce using rule 68 (factor -> RESTA cte .)
    IGUAL           reduce using rule 68 (factor -> RESTA cte .)
    DIFERENTE       reduce using rule 68 (factor -> RESTA cte .)
    SUMA            reduce using rule 68 (factor -> RESTA cte .)
    RESTA           reduce using rule 68 (factor -> RESTA cte .)
    PUNTO_COMA      reduce using rule 68 (factor -> RESTA cte .)
    PAREN_DER       reduce using rule 68 (factor -> RESTA cte .)
    COMA            reduce using rule 68 (factor -> RESTA cte .)


state 118

    (36) si_header -> SI PAREN_IZQ expresion . PAREN_DER

    PAREN_DER       shift and go to state 143


state 119

    (41) mientras_cond -> mientras_header PAREN_IZQ expresion . PAREN_DER

    PAREN_DER       shift and go to state 144


state 120

    (17) funcs -> funcs func_header LLAVE_IZQ vars cuerpo LLAVE_DER . PUNTO_COMA

    PUNTO_COMA      shift and go to state 145


state 121

    (14) func_header -> ENTERO func_nombre PAREN_IZQ params_decl PAREN_DER .

    LLAVE_IZQ       reduce using rule 14 (func_header -> ENTERO func_nombre PAREN_IZQ params_decl PAREN_DER .)


state 122

    (11) params_decl -> params_decl COMA . ID DOS_PUNTOS tipo

    ID              shift and go to state 146


state 123

    (10) params_decl -> ID DOS_PUNTOS . tipo
    (8) tipo -> . ENTERO
    (9) tipo -> . FLOTANTE

    ENTERO          shift and go to state 55
    FLOTANTE        shift and go to state 56

    tipo                           shift and go to state 147

state 124

    (15) func_header -> FLOTANTE func_nombre PAREN_IZQ params_decl PAREN_DER .

    LLAVE_IZQ       reduce using rule 15 (func_header -> FLOTANTE func_nombre PAREN_IZQ params_decl PAREN_DER .)


state 125

    (16) func_header -> NULA func_nombre PAREN_IZQ params_decl PAREN_DER .

    LLAVE_IZQ       reduce using rule 16 (func_header -> NULA func_nombre PAREN_IZQ params_decl PAREN_DER .)


state 126

    (5) lista_vars -> lista_vars ID mas_ids DOS_PUNTOS tipo PUNTO_COMA .

    ID              reduce using rule 5 (lista_vars -> lista_vars ID mas_ids DOS_PUNTOS tipo PUNTO_COMA .)
    INICIO          reduce using rule 5 (lista_vars -> lista_vars ID mas_ids DOS_PUNTOS tipo PUNTO_COMA .)
    ENTERO          reduce using rule 5 (lista_vars -> lista_vars ID mas_ids DOS_PUNTOS tipo PUNTO_COMA .)
    FLOTANTE        reduce using rule 5 (lista_vars -> lista_vars ID mas_ids DOS_PUNTOS tipo PUNTO_COMA .)
    NULA            reduce using rule 5 (lista_vars -> lista_vars ID mas_ids DOS_PUNTOS tipo PUNTO_COMA .)
    LLAVE_IZQ       reduce using rule 5 (lista_vars -> lista_vars ID mas_ids DOS_PUNTOS tipo PUNTO_COMA .)


state 127

    (30) asigna -> ID ASIGNA expresion PUNTO_COMA .

    LLAVE_DER       reduce using rule 30 (asigna -> ID ASIGNA expresion PUNTO_COMA .)
    ID              reduce using rule 30 (asigna -> ID ASIGNA expresion PUNTO_COMA .)
    ESCRIBE         reduce using rule 30 (asigna -> ID ASIGNA expresion PUNTO_COMA .)
    REGRESA         reduce using rule 30 (asigna -> ID ASIGNA expresion PUNTO_COMA .)
    SI              reduce using rule 30 (asigna -> ID ASIGNA expresion PUNTO_COMA .)
    MIENTRAS        reduce using rule 30 (asigna -> ID ASIGNA expresion PUNTO_COMA .)


state 128

    (43) llamada -> ID PAREN_IZQ args PAREN_DER .

    PUNTO_COMA      reduce using rule 43 (llamada -> ID PAREN_IZQ args PAREN_DER .)


state 129

    (45) args -> args COMA . expresion
    (47) expresion -> . exp
    (48) expresion -> . exp mayor_op exp
    (49) expresion -> . exp menor_op exp
    (50) expresion -> . exp igual_op exp
    (51) expresion -> . exp diferente_op exp
    (52) exp -> . termino
    (53) exp -> . exp suma_op termino
    (54) exp -> . exp resta_op termino
    (55) termino -> . factor
    (56) termino -> . termino mult_op factor
    (57) termino -> . termino div_op factor
    (66) factor -> . PAREN_IZQ expresion PAREN_DER
    (67) factor -> . SUMA cte
    (68) factor -> . RESTA cte
    (69) factor -> . cte
    (70) factor -> . ID
    (71) cte -> . CTE_ENT
    (72) cte -> . CTE_FLOT

    PAREN_IZQ       shift and go to state 70
    SUMA            shift and go to state 71
    RESTA           shift and go to state 73
    ID              shift and go to state 74
    CTE_ENT         shift and go to state 75
    CTE_FLOT        shift and go to state 76

    expresion                      shift and go to state 148
    exp                            shift and go to state 67
    termino                        shift and go to state 68
    factor                         shift and go to state 69
    cte                            shift and go to state 72

state 130

    (38) condicion -> si_header cuerpo sino_header cuerpo . PUNTO_COMA

    PUNTO_COMA      shift and go to state 149


state 131

    (42) ciclo -> mientras_cond HAZ cuerpo PUNTO_COMA .

    LLAVE_DER       reduce using rule 42 (ciclo -> mientras_cond HAZ cuerpo PUNTO_COMA .)
    ID              reduce using rule 42 (ciclo -> mientras_cond HAZ cuerpo PUNTO_COMA .)
    ESCRIBE         reduce using rule 42 (ciclo -> mientras_cond HAZ cuerpo PUNTO_COMA .)
    REGRESA         reduce using rule 42 (ciclo -> mientras_cond HAZ cuerpo PUNTO_COMA .)
    SI              reduce using rule 42 (ciclo -> mientras_cond HAZ cuerpo PUNTO_COMA .)
    MIENTRAS        reduce using rule 42 (ciclo -> mientras_cond HAZ cuerpo PUNTO_COMA .)


state 132

    (31) imprime -> ESCRIBE PAREN_IZQ imp_lista PAREN_DER . PUNTO_COMA

    PUNTO_COMA      shift and go to state 150


state 133

    (34) imp_lista -> imp_lista COMA . expresion
    (35) imp_lista -> imp_lista COMA . CADENA
    (47) expresion -> . exp
    (48) expresion -> . exp mayor_op exp
    (49) expresion -> . exp menor_op exp
    (50) expresion -> . exp igual_op exp
    (51) expresion -> . exp diferente_op exp
    (52) exp -> . termino
    (53) exp -> . exp suma_op termino
    (54) exp -> . exp resta_op termino
    (55) termino -> . factor
    (56) termino -> . termino mult_op factor
    (57) termino -> . termino div_op factor
    (66) factor -> . PAREN_IZQ expresion PAREN_DER
    (67) factor -> . SUMA cte
    (68) factor -> . RESTA cte
    (69) factor -> . cte
    (70) factor -> . ID
    (71) cte -> . CTE_ENT
    (72) cte -> . CTE_FLOT

    CADENA          shift and go to state 152
    PAREN_IZQ       shift and go to state 70
    SUMA            shift and go to state 71
    RESTA           shift and go to state 73
    ID              shift and go to state 74
    CTE_ENT         shift and go to state 75
    CTE_FLOT        shift and go to state 76

    expresion                      shift and go to state 151
    exp                            shift and go to state 67
    termino                        shift and go to state 68
    factor                         shift and go to state 69
    cte                            shift and go to state 72

state 134

    (48) expresion -> exp mayor_op exp .
    (53) exp -> exp . suma_op termino
    (54) exp -> exp . resta_op termino
    (58) suma_op -> . SUMA
    (59) resta_op -> . RESTA

    PUNTO_COMA      reduce using rule 48 (expresion -> exp mayor_op exp .)
    PAREN_DER       reduce using rule 48 (expresion -> exp mayor_op exp .)
    COMA            reduce using rule 48 (expresion -> exp mayor_op exp .)
    SUMA            shift and go to state 109
    RESTA           shift and go to state 110

    suma_op                        shift and go to state 103
    resta_op                       shift and go to state 104

state 135

    (49) expresion -> exp menor_op exp .
    (53) exp -> exp . suma_op termino
    (54) exp -> exp . resta_op termino
    (58) suma_op -> . SUMA
    (59) resta_op -> . RESTA

    PUNTO_COMA      reduce using rule 49 (expresion -> exp menor_op exp .)
    PAREN_DER       reduce using rule 49 (expresion -> exp menor_op exp .)
    COMA            reduce using rule 49 (expresion -> exp menor_op exp .)
    SUMA            shift and go to state 109
    RESTA           shift and go to state 110

    suma_op                        shift and go to state 103
    resta_op                       shift and go to state 104

state 136

    (50) expresion -> exp igual_op exp .
    (53) exp -> exp . suma_op termino
    (54) exp -> exp . resta_op termino
    (58) suma_op -> . SUMA
    (59) resta_op -> . RESTA

    PUNTO_COMA      reduce using rule 50 (expresion -> exp igual_op exp .)
    PAREN_DER       reduce using rule 50 (expresion -> exp igual_op exp .)
    COMA            reduce using rule 50 (expresion -> exp igual_op exp .)
    SUMA            shift and go to state 109
    RESTA           shift and go to state 110

    suma_op                        shift and go to state 103
    resta_op                       shift and go to state 104

state 137

    (51) expresion -> exp diferente_op exp .
    (53) exp -> exp . suma_op termino
    (54) exp -> exp . resta_op termino
    (58) suma_op -> . SUMA
    (59) resta_op -> . RESTA

    PUNTO_COMA      reduce using rule 51 (expresion -> exp diferente_op exp .)
    PAREN_DER       reduce using rule 51 (expresion -> exp diferente_op exp .)
    COMA            reduce using rule 51 (expresion -> exp diferente_op exp .)
    SUMA            shift and go to state 109
    RESTA           shift and go to state 110

    suma_op                        shift and go to state 103
    resta_op                       shift and go to state 104

state 138

    (53) exp -> exp suma_op termino .
    (56) termino -> termino . mult_op factor
    (57) termino -> termino . div_op factor
    (60) mult_op -> . MULT
    (61) div_op -> . DIV

    MAYOR           reduce using rule 53 (exp -> exp suma_op termino .)
    MENOR           reduce using rule 53 (exp -> exp suma_op termino .)
    IGUAL           reduce using rule 53 (exp -> exp suma_op termino .)
    DIFERENTE       reduce using rule 53 (exp -> exp suma_op termino .)
    SUMA            reduce using rule 53 (exp -> exp suma_op termino .)
    RESTA           reduce using rule 53 (exp -> exp suma_op termino .)
    PUNTO_COMA      reduce using rule 53 (exp -> exp suma_op termino .)
    PAREN_DER       reduce using rule 53 (exp -> exp suma_op termino .)
    COMA            reduce using rule 53 (exp -> exp suma_op termino .)
    MULT            shift and go to state 113
    DIV             shift and go to state 114

    mult_op                        shift and go to state 111
    div_op                         shift and go to state 112

state 139

    (54) exp -> exp resta_op termino .
    (56) termino -> termino . mult_op factor
    (57) termino -> termino . div_op factor
    (60) mult_op -> . MULT
    (61) div_op -> . DIV

    MAYOR           reduce using rule 54 (exp -> exp resta_op termino .)
    MENOR           reduce using rule 54 (exp -> exp resta_op termino .)
    IGUAL           reduce using rule 54 (exp -> exp resta_op termino .)
    DIFERENTE       reduce using rule 54 (exp -> exp resta_op termino .)
    SUMA            reduce using rule 54 (exp -> exp resta_op termino .)
    RESTA           reduce using rule 54 (exp -> exp resta_op termino .)
    PUNTO_COMA      reduce using rule 54 (exp -> exp resta_op termino .)
    PAREN_DER       reduce using rule 54 (exp -> exp resta_op termino .)
    COMA            reduce using rule 54 (exp -> exp resta_op termino .)
    MULT            shift and go to state 113
    DIV             shift and go to state 114

    mult_op                        shift and go to state 111
    div_op                         shift and go to state 112

state 140

    (56) termino -> termino mult_op factor .

    MULT            reduce using rule 56 (termino -> termino mult_op factor .)
    DIV             reduce using rule 56 (termino -> termino mult_op factor .)
    MAYOR           reduce using rule 56 (termino -> termino mult_op factor .)
    MENOR           reduce using rule 56 (termino -> termino mult_op factor .)
    IGUAL           reduce using rule 56 (termino -> termino mult_op factor .)
    DIFERENTE       reduce using rule 56 (termino -> termino mult_op factor .)
    SUMA            reduce using rule 56 (termino -> termino mult_op factor .)
    RESTA           reduce using rule 56 (termino -> termino mult_op factor .)
    PUNTO_COMA      reduce using rule 56 (termino -> termino mult_op factor .)
    PAREN_DER       reduce using rule 56 (termino -> termino mult_op factor .)
    COMA            reduce using rule 56 (termino -> termino mult_op factor .)


state 141

    (57) termino -> termino div_op factor .

    MULT            reduce using rule 57 (termino -> termino div_op factor .)
    DIV             reduce using rule 57 (termino -> termino div_op factor .)
    MAYOR           reduce using rule 57 (termino -> termino div_op factor .)
    MENOR           reduce using rule 57 (termino -> termino div_op factor .)
    IGUAL           reduce using rule 57 (termino -> termino div_op factor .)
    DIFERENTE       reduce using rule 57 (termino -> termino div_op factor .)
    SUMA            reduce using rule 57 (termino -> termino div_op factor .)
    RESTA           reduce using rule 57 (termino -> termino div_op factor .)
    PUNTO_COMA      reduce using rule 57 (termino -> termino div_op factor .)
    PAREN_DER       reduce using rule 57 (termino -> termino div_op factor .)
    COMA            reduce using rule 57 (termino -> termino div_op factor .)


state 142

    (66) factor -> PAREN_IZQ expresion PAREN_DER .

    MULT            reduce using rule 66 (factor -> PAREN_IZQ expresion PAREN_DER .)
    DIV             reduce using rule 66 (factor -> PAREN_IZQ expresion PAREN_DER .)
    MAYOR           reduce using rule 66 (factor -> PAREN_IZQ expresion PAREN_DER .)
    MENOR           reduce using rule 66 (factor -> PAREN_IZQ expresion PAREN_DER .)
    IGUAL           reduce using rule 66 (factor -> PAREN_IZQ expresion PAREN_DER .)
    DIFERENTE       reduce using rule 66 (factor -> PAREN_IZQ expresion PAREN_DER .)
    SUMA            reduce using rule 66 (factor -> PAREN_IZQ expresion PAREN_DER .)
    RESTA           reduce using rule 66 (factor -> PAREN_IZQ expresion PAREN_DER .)
    PUNTO_COMA      reduce using rule 66 (factor -> PAREN_IZQ expresion PAREN_DER .)
    PAREN_DER       reduce using rule 66 (factor -> PAREN_IZQ expresion PAREN_DER .)
    COMA            reduce using rule 66 (factor -> PAREN_IZQ expresion PAREN_DER .)


state 143

    (36) si_header -> SI PAREN_IZQ expresion PAREN_DER .

    LLAVE_IZQ       reduce using rule 36 (si_header -> SI PAREN_IZQ expresion PAREN_DER .)


state 144

    (41) mientras_cond -> mientras_header PAREN_IZQ expresion PAREN_DER .

    HAZ             reduce using rule 41 (mientras_cond -> mientras_header PAREN_IZQ expresion PAREN_DER .)


state 145

    (17) funcs -> funcs func_header LLAVE_IZQ vars cuerpo LLAVE_DER PUNTO_COMA .

    INICIO          reduce using rule 17 (funcs -> funcs func_header LLAVE_IZQ vars cuerpo LLAVE_DER PUNTO_COMA .)
    ENTERO          reduce using rule 17 (funcs -> funcs func_header LLAVE_IZQ vars cuerpo LLAVE_DER PUNTO_COMA .)
    FLOTANTE        reduce using rule 17 (funcs -> funcs func_header LLAVE_IZQ vars cuerpo LLAVE_DER PUNTO_COMA .)
    NULA            reduce using rule 17 (funcs -> funcs func_header LLAVE_IZQ vars cuerpo LLAVE_DER PUNTO_COMA .)


state 146

    (11) params_decl -> params_decl COMA ID . DOS_PUNTOS tipo

    DOS_PUNTOS      shift and go to state 153


state 147

    (10) params_decl -> ID DOS_PUNTOS tipo .

    PAREN_DER       reduce using rule 10 (params_decl -> ID DOS_PUNTOS tipo .)
    COMA            reduce using rule 10 (params_decl -> ID DOS_PUNTOS tipo .)


state 148

    (45) args -> args COMA expresion .

    PAREN_DER       reduce using rule 45 (args -> args COMA expresion .)
    COMA            reduce using rule 45 (args -> args COMA expresion .)


state 149

    (38) condicion -> si_header cuerpo sino_header cuerpo PUNTO_COMA .

    LLAVE_DER       reduce using rule 38 (condicion -> si_header cuerpo sino_header cuerpo PUNTO_COMA .)
    ID              reduce using rule 38 (condicion -> si_header cuerpo sino_header cuerpo PUNTO_COMA .)
    ESCRIBE         reduce using rule 38 (condicion -> si_header cuerpo sino_header cuerpo PUNTO_COMA .)
    REGRESA         reduce using rule 38 (condicion -> si_header cuerpo sino_header cuerpo PUNTO_COMA .)
    SI              reduce using rule 38 (condicion -> si_header cuerpo sino_header cuerpo PUNTO_COMA .)
    MIENTRAS        reduce using rule 38 (condicion -> si_header cuerpo sino_header cuerpo PUNTO_COMA .)


state 150

    (31) imprime -> ESCRIBE PAREN_IZQ imp_lista PAREN_DER PUNTO_COMA .

    LLAVE_DER       reduce using rule 31 (imprime -> ESCRIBE PAREN_IZQ imp_lista PAREN_DER PUNTO_COMA .)
    ID              reduce using rule 31 (imprime -> ESCRIBE PAREN_IZQ imp_lista PAREN_DER PUNTO_COMA .)
    ESCRIBE         reduce using rule 31 (imprime -> ESCRIBE PAREN_IZQ imp_lista PAREN_DER PUNTO_COMA .)
    REGRESA         reduce using rule 31 (imprime -> ESCRIBE PAREN_IZQ imp_lista PAREN_DER PUNTO_COMA .)
    SI              reduce using rule 31 (imprime -> ESCRIBE PAREN_IZQ imp_lista PAREN_DER PUNTO_COMA .)
    MIENTRAS        reduce using rule 31 (imprime -> ESCRIBE PAREN_IZQ imp_lista PAREN_DER PUNTO_COMA .)


state 151

    (34) imp_lista -> imp_lista COMA expresion .

    PAREN_DER       reduce using rule 34 (imp_lista -> imp_lista COMA expresion .)
    COMA            reduce using rule 34 (imp_lista -> imp_lista COMA expresion .)


state 152

    (35) imp_lista -> imp_lista COMA CADENA .

    PAREN_DER       reduce using rule 35 (imp_lista -> imp_lista COMA CADENA .)
    COMA            reduce using rule 35 (imp_lista -> imp_lista COMA CADENA .)


state 153

    (11) params_decl -> params_decl COMA ID DOS_PUNTOS . tipo
    (8) tipo -> . ENTERO
    (9) tipo -> . FLOTANTE

    ENTERO          shift and go to state 55
    FLOTANTE        shift and go to state 56

    tipo                           shift and go to state 154

state 154

    (11) params_decl -> params_decl COMA ID DOS_PUNTOS tipo .

    PAREN_DER       reduce using rule 11 (params_decl -> params_decl COMA ID DOS_PUNTOS tipo .)
    COMA            reduce using rule 11 (params_decl -> params_decl COMA ID DOS_PUNTOS tipo .)

